------------------------------------------------------------
Timing Analyzer Summary
------------------------------------------------------------

Type  : Slow 1200mV 85C Model Setup 'clk'
Slack : -3.648
TNS   : -38.091

Type  : Slow 1200mV 85C Model Setup 'top:u_top|CF_Div:fdiv|fdiv'
Slack : -0.418
TNS   : -2.036

Type  : Slow 1200mV 85C Model Hold 'clk'
Slack : 0.492
TNS   : 0.000

Type  : Slow 1200mV 85C Model Hold 'top:u_top|CF_Div:fdiv|fdiv'
Slack : 0.508
TNS   : 0.000

Type  : Slow 1200mV 85C Model Minimum Pulse Width 'clk'
Slack : -3.000
TNS   : -32.740

Type  : Slow 1200mV 85C Model Minimum Pulse Width 'top:u_top|CF_Div:fdiv|fdiv'
Slack : -1.487
TNS   : -16.357

Type  : Slow 1200mV 0C Model Setup 'clk'
Slack : -3.430
TNS   : -33.014

Type  : Slow 1200mV 0C Model Setup 'top:u_top|CF_Div:fdiv|fdiv'
Slack : -0.275
TNS   : -1.220

Type  : Slow 1200mV 0C Model Hold 'clk'
Slack : 0.457
TNS   : 0.000

Type  : Slow 1200mV 0C Model Hold 'top:u_top|CF_Div:fdiv|fdiv'
Slack : 0.470
TNS   : 0.000

Type  : Slow 1200mV 0C Model Minimum Pulse Width 'clk'
Slack : -3.000
TNS   : -32.740

Type  : Slow 1200mV 0C Model Minimum Pulse Width 'top:u_top|CF_Div:fdiv|fdiv'
Slack : -1.487
TNS   : -16.357

Type  : Fast 1200mV 0C Model Setup 'clk'
Slack : -1.035
TNS   : -6.033

Type  : Fast 1200mV 0C Model Setup 'top:u_top|CF_Div:fdiv|fdiv'
Slack : 0.382
TNS   : 0.000

Type  : Fast 1200mV 0C Model Hold 'clk'
Slack : 0.197
TNS   : 0.000

Type  : Fast 1200mV 0C Model Hold 'top:u_top|CF_Div:fdiv|fdiv'
Slack : 0.207
TNS   : 0.000

Type  : Fast 1200mV 0C Model Minimum Pulse Width 'clk'
Slack : -3.000
TNS   : -24.300

Type  : Fast 1200mV 0C Model Minimum Pulse Width 'top:u_top|CF_Div:fdiv|fdiv'
Slack : -1.000
TNS   : -11.000

------------------------------------------------------------
